[suppliers-den.sa1.dev/index.html]
[suppliers-den.sa1.dev/_next/static/chunks/ca5f77b7e9c91232.css]
[suppliers-den.sa1.dev/_next/static/chunks/1a82a2409996dd82.js]
[suppliers-den.sa1.dev/_next/static/chunks/86fe6f486d98ab3f.js]
[suppliers-den.sa1.dev/_next/static/chunks/b0726a9367d5bb35.js]
[suppliers-den.sa1.dev/_next/static/chunks/bb07e7ddbdb4dad6.js]
[suppliers-den.sa1.dev/_next/static/chunks/da1ebc61b4c2a760.js]
[suppliers-den.sa1.dev/_next/static/chunks/6e51ecdb07c8b626.js]
[suppliers-den.sa1.dev/_next/static/chunks/turbopack-bfde65c5a8167703.js]
[suppliers-den.sa1.dev/_next/static/chunks/1673f4c832a46a38.js]
[suppliers-den.sa1.dev/_next/static/chunks/1cf7658bd90d3717.js]
[suppliers-den.sa1.dev/_next/static/chunks/7206afe4a37d847f.js]
[suppliers-den.sa1.dev/_next/static/chunks/3687c6a86c538021.js]
[suppliers-den.sa1.dev/_next/static/chunks/4b72c59950a65407.js]
[suppliers-den.sa1.dev/_next/static/chunks/0a0b90e4c0877f91.js]
[suppliers-den.sa1.dev/_next/static/chunks/edc6f5111a80fd53.js]
[suppliers-den.sa1.dev/_next/static/chunks/b6ac1f0946c475b5.js]
[suppliers-den.sa1.dev/_next/static/chunks/ff1a16fafef87110.js]
[suppliers-den.sa1.dev/_next/static/chunks/247eb132b7f7b574.js]
[suppliers-den.sa1.dev/_next/static/chunks/a77a1ce7c27a98f0.js]
[clerk.suppliers-den.sa1.dev/npm/@clerk/clerk-js@5.117.0/dist/clerk.browser.js]
[www.googletagmanager.com/gtag/js762f]
[backblue.gif]
[fade.gif]
[index.html]
[suppliers-den.sa1.dev/favicon850b.ico]
[suppliers-den.sa1.dev/_next/static/chunks/a6dad97d9634a72d.js]
[suppliers-den.sa1.dev/sign-in07b4.html]
[suppliers-den.sa1.dev/sign-in4eee.html]
[suppliers-den.sa1.dev/sign-up.html]
[suppliers-den.sa1.dev/sign-upce81.html]
[suppliers-den.sa1.dev/sign-in3d29.html]
[suppliers-den.sa1.dev/sign-in9254.html]
[suppliers-den.sa1.dev/index.html]
[www.w3.org/2000/svg.html]
[suppliers-den.sa1.dev/_next/static/media/8a480f0b521d4e75-s.8e0177b5.woff2]
[suppliers-den.sa1.dev/_next/static/media/7178b3e590c64307-s.b97b3418.woff2]
[suppliers-den.sa1.dev/_next/static/media/caa3a2e1cccd8315-s.p.853070df.woff2]
[suppliers-den.sa1.dev/_next/static/media/4fa387ec64143e14-s.c1fdd6c2.woff2]
[suppliers-den.sa1.dev/_next/static/media/bbc41e54d2fcbd21-s.799d8ef8.woff2]
[suppliers-den.sa1.dev/_next/static/media/797e433ab948586e-s.p.dbea232f.woff2]
[suppliers-den.sa1.dev/_next/static/chunks/ca5f77b7e9c91232.css]
[suppliers-den.sa1.dev/sign-in07b4.html]
[suppliers-den.sa1.dev/sign-in4eee.html]
[suppliers-den.sa1.dev/sign-up.html]
[suppliers-den.sa1.dev/sign-upce81.html]
[suppliers-den.sa1.dev/sign-in3d29.html]
[suppliers-den.sa1.dev/sign-in9254.html]
[www.w3.org/2000/svg.html]
